
> alphaclone-nextjs@0.1.0 build
> next build

node.exe : ÔÜá Warning: Next.js inferred your workspace root, but it may not be correct.
At line:1 char:1
+ & "C:\Program Files\nodejs/node.exe" "C:\Program Files\nodejs/node_mo ...
+ ~~~~~~~~~~~~~~~~~~~~~~~~~~~~~~~~~~~~~~~~~~~~~~~~~~~~~~~~~~~~~~~~~~~~~
    + CategoryInfo          : NotSpecified: (ÔÜá Warning: Ne...not be correct.:String) [], RemoteException
    + FullyQualifiedErrorId : NativeCommandError
 
 We detected multiple lockfiles and selected the directory of C:\Users\Alphacone IO\package-lock.json as the root 
directory.
 To silence this warning, set `turbopack.root` in your Next.js config, or consider removing one of the lockfiles if 
it's not needed.
   See https://nextjs.org/docs/app/api-reference/config/next-config-js/turbopack#root-directory for more information.
 Detected additional lockfiles: 
   * C:\Users\Alphacone IO\.gemini\antigravity\scratch\alphaclone-nextjs\package-lock.json

Ôû▓ Next.js 16.1.3 (Turbopack)
- Environments: .env.local

ÔÜá The "middleware" file convention is deprecated. Please use "proxy" instead. Learn more: 
https://nextjs.org/docs/messages/middleware-to-proxy
  Creating an optimized production build ...
Ô£ô Compiled successfully in 34.0s
  Running TypeScript ...
Failed to compile.

./src/components/contracts/ContractDashboard.tsx:196:93
Type error: This comparison appears to be unintentional because the types '"rejected" | "draft" | "sent"' and 
'"fully_signed"' have no overlap.

[0m [90m 194 |[39m                                     [33m<[39m[33m>[39m
 [90m 195 |[39m                                         {[90m/* Client can sign if not yet signed as client */[39m}
[31m[1m>[22m[39m[90m 196 |[39m                                         {[33m![39misAdmin [33m&&[39m 
contract[33m.[39mstatus [33m!==[39m [32m'client_signed'[39m [33m&&[39m contract[33m.[39mstatus [33m!==[39m 
[32m'fully_signed'[39m [33m&&[39m (
 [90m     |[39m                                                                                             
[31m[1m^[22m[39m
 [90m 197 |[39m                                             [33m<[39m[33mButton[39m onClick[33m=[39m{() 
[33m=>[39m handleSignClick(contract)} size[33m=[39m[32m"sm"[39m className[33m=[39m[32m"bg-teal-600 
hover:bg-teal-500"[39m[33m>[39m
 [90m 198 |[39m                                                 [33m<[39m[33mPenTool[39m 
className[33m=[39m[32m"w-4 h-4 mr-2"[39m [33m/[39m[33m>[39m [33mSign[39m [33mContract[39m
 [90m 199 |[39m                                             [33m<[39m[33m/[39m[33mButton[39m[33m>[39m[0m
Next.js build worker exited with code: 1 and signal: null
