
> alphaclone-nextjs@0.1.0 build
> next build

Ôû▓ Next.js 16.1.3 (Turbopack)
- Experiments (use with caution):
  Ô£ô scrollRestoration

node.exe : ÔÜá The 
"middleware" file 
convention is deprecated. 
Please use "proxy" 
instead. Learn more: https:
//nextjs.org/docs/messages/
middleware-to-proxy
At line:1 char:1
+ & "C:\Program 
Files\nodejs/node.exe" 
"C:\Program 
Files\nodejs/node_mo ...
+ ~~~~~~~~~~~~~~~~~~~~~~~~~
~~~~~~~~~~~~~~~~~~~~~~~~~~~
~~~~~~~~~~~~~~~~~
    + CategoryInfo         
     : NotSpecified: (ÔÜá  
   The "middle...leware-   
 to-proxy:String) [], R    
emoteException
    + FullyQualifiedErrorI 
   d : NativeCommandError
 
  Creating an optimized production build ...
Ô£ô Compiled successfully in 58s
  Running TypeScript ...
  Collecting page data using 3 workers ...

ÔÜá´©Å Environment 
validation failed (Check 
.env file):

  ÔÇó VITE_SUPABASE_URL: 
Invalid input: expected 
string, received undefined
  ÔÇó 
VITE_SUPABASE_ANON_KEY: 
Invalid input: expected 
string, received undefined

Returning fallback 
configuration to allow 
build to proceed.


ÔÜá´©Å Environment 
validation failed (Check 
.env file):

  ÔÇó VITE_SUPABASE_URL: 
Invalid input: expected 
string, received undefined
  ÔÇó 
VITE_SUPABASE_ANON_KEY: 
Invalid input: expected 
string, received undefined

Returning fallback 
configuration to allow 
build to proceed.


ÔÜá´©Å Environment 
validation failed (Check 
.env file):

  ÔÇó VITE_SUPABASE_URL: 
Invalid input: expected 
string, received undefined
  ÔÇó 
VITE_SUPABASE_ANON_KEY: 
Invalid input: expected 
string, received undefined

Returning fallback 
configuration to allow 
build to proceed.

[Upstash Redis] The 'url' 
property is missing or 
undefined in your Redis 
config.
[Upstash Redis] The 
'token' property is 
missing or undefined in 
your Redis config.
ÔÜá´©Å STRIPE_SECRET_KEY 
is missing. Stripe 
functionality will not 
work.
ÔÜá´©Å STRIPE_SECRET_KEY 
is missing. Stripe 
functionality will not 
work.
ÔÜá´©Å STRIPE_SECRET_KEY 
is missing. Stripe 
functionality will not 
work.
  Generating static pages using 3 workers (0/46) ...

ÔÜá´©Å Environment 
validation failed (Check 
.env file):

  ÔÇó VITE_SUPABASE_URL: 
Invalid input: expected 
string, received undefined
  ÔÇó 
VITE_SUPABASE_ANON_KEY: 
Invalid input: expected 
string, received undefined

Returning fallback 
configuration to allow 
build to proceed.


ÔÜá´©Å Environment 
validation failed (Check 
.env file):

  ÔÇó VITE_SUPABASE_URL: 
Invalid input: expected 
string, received undefined
  ÔÇó 
VITE_SUPABASE_ANON_KEY: 
Invalid input: expected 
string, received undefined

Returning fallback 
configuration to allow 
build to proceed.

  Generating static pages using 3 workers (11/46) 
  Generating static pages using 3 workers (22/46) 
  Generating static pages using 3 workers (34/46) 
[Upstash Redis] The 'url' 
property is missing or 
undefined in your Redis 
config.
[Upstash Redis] The 
'token' property is 
missing or undefined in 
your Redis config.
Ô£ô Generating static pages using 3 workers (46/46) in 1238.4ms
  Finalizing page optimization ...

Route (app)
Ôöî Ôùï /
Ôö£ Ôùï /_not-found
Ôö£ Ôùï /about
Ôö£ ãÆ /api/ai/chat
Ôö£ ãÆ /api/ai/complete
Ôö£ ãÆ /api/ai/generate
Ôö£ ãÆ /api/ai/leads
Ôö£ ãÆ /api/ai/stream
Ôö£ ãÆ /api/auth/calendly/callback
Ôö£ ãÆ /api/auth/calendly/connect
Ôö£ ãÆ /api/auth/google/gmail/callback
Ôö£ ãÆ /api/auth/google/gmail/connect
Ôö£ ãÆ /api/booking
Ôö£ ãÆ /api/booking/create
Ôö£ ãÆ /api/booking/slots
Ôö£ ãÆ /api/cron/daily
Ôö£ ãÆ /api/cron/workflows
Ôö£ ãÆ /api/daily/create-permanent-room
Ôö£ ãÆ /api/daily/create-room
Ôö£ ãÆ /api/daily/token
Ôö£ ãÆ /api/debug-ai
Ôö£ ãÆ /api/docs
Ôö£ ãÆ /api/health
Ôö£ ãÆ /api/ip-location
Ôö£ ãÆ /api/notifications/push
Ôö£ ãÆ /api/stripe/create-checkout-session
Ôö£ ãÆ /api/stripe/create-payment-intent
Ôö£ ãÆ /api/stripe/create-portal-session
Ôö£ ãÆ /api/stripe/manage-subscription
Ôö£ ãÆ /api/stripe/reconcile-payment
Ôö£ ãÆ /api/stripe/send-receipt
Ôö£ ãÆ /api/stripe/webhook
Ôö£ ãÆ /api/webhooks/calendly
Ôö£ ãÆ /auth/callback
Ôö£ Ôùï /auth/login
Ôö£ Ôùï /blog
Ôö£ ãÆ /blog/[slug]
Ôö£ Ôùï /book
Ôö£ ãÆ /book/[slug]
Ôö£ ãÆ /book/[slug]/[service_slug]
Ôö£ ãÆ /bp/[id]
Ôö£ ãÆ /call/[roomId]
Ôö£ Ôùï /contact
Ôö£ ãÆ /contract/[id]
Ôö£ Ôùï /cookie-policy
Ôö£ ãÆ /dashboard/[[...slug]]
Ôö£ Ôùï /ecosystem
Ôö£ Ôùï /guide
Ôö£ ãÆ /invoice/[id]
Ôö£ Ôùï /login
Ôö£ ãÆ /meet/[id]
Ôö£ ãÆ /p/[id]
Ôö£ Ôùï /portfolio
Ôö£ Ôùï /privacy-policy
Ôö£ ãÆ /project/[id]
Ôö£ Ôùï /register
Ôö£ Ôùï /services
Ôö£ Ôùï /sitemap.xml
Ôö£ Ôùï /terms-of-service
Ôöö Ôùï /who-we-serve


ãÆ Proxy (Middleware)

Ôùï  (Static)   prerendered as static content
ãÆ  (Dynamic)  server-rendered on demand

