src/app/api/notifications/push/route.ts(53,31): error TS7006: Parameter 'sub' implicitly has an 'any' type.
