src/components/dashboard/business/BillingPage.tsx(342,13): error TS2304: Cannot find name 'showCreateModal'.
src/components/dashboard/business/BillingPage.tsx(342,50): error TS2304: Cannot find name 'newInvoice'.
src/components/dashboard/business/BillingPage.tsx(343,13): error TS2304: Cannot find name 'setNewInvoice'.
src/components/dashboard/business/BillingPage.tsx(343,27): error TS7006: Parameter 'prev' implicitly has an 'any' type.
src/components/dashboard/business/BillingPage.tsx(345,9): error TS2304: Cannot find name 'showCreateModal'.
