src/components/contracts/ContractDashboard.tsx(296,51): error TS2304: Cannot find name 'supabase'.
src/components/contracts/ContractDashboard.tsx(324,43): error TS2304: Cannot find name 'supabase'.
src/components/contracts/ContractDashboard.tsx(648,54): error TS2304: Cannot find name 'ChevronLeft'.
src/components/Dashboard.tsx(560,69): error TS2345: Argument of type '{ ownerId: string; ownerName: string; name: string; category: string; status: "Pending"; currentStage: "Discovery"; progress: number; dueDate: string; team: never[]; image: string; description: string; }' is not assignable to parameter of type 'Omit<Project, "id">'.
  Types of property 'currentStage' are incompatible.
    Type '"Discovery"' is not assignable to type 'ProjectStage'.
src/components/Dashboard.tsx(838,9): error TS2367: This comparison appears to be unintentional because the types 'ProjectStage' and '"Discovery"' have no overlap.
src/components/Dashboard.tsx(839,9): error TS2367: This comparison appears to be unintentional because the types 'ProjectStage' and '"Design"' have no overlap.
src/components/Dashboard.tsx(840,9): error TS2367: This comparison appears to be unintentional because the types 'ProjectStage' and '"Development"' have no overlap.
src/components/Dashboard.tsx(841,9): error TS2367: This comparison appears to be unintentional because the types 'ProjectStage' and '"Testing"' have no overlap.
src/components/Dashboard.tsx(842,9): error TS2367: This comparison appears to be unintentional because the types 'ProjectStage' and '"Deployment"' have no overlap.
src/components/Dashboard.tsx(843,9): error TS2367: This comparison appears to be unintentional because the types 'ProjectStage' and '"Maintenance"' have no overlap.
src/components/Dashboard.tsx(848,15): error TS2367: This comparison appears to be unintentional because the types 'ProjectStage' and '"Maintenance"' have no overlap.
src/components/Dashboard.tsx(890,13): error TS2322: Type '"Design"' is not assignable to type 'ProjectStage | undefined'.
src/components/Dashboard.tsx(895,25): error TS2345: Argument of type '(prev: Project[]) => (Project | { status: "Active"; currentStage: "Design"; progress: number; id: string; ownerId?: string | undefined; ownerName?: string | undefined; ... 18 more ...; createdAt?: string | undefined; })[]' is not assignable to parameter of type 'SetStateAction<Project[]>'.
  Type '(prev: Project[]) => (Project | { status: "Active"; currentStage: "Design"; progress: number; id: string; ownerId?: string | undefined; ownerName?: string | undefined; ... 18 more ...; createdAt?: string | undefined; })[]' is not assignable to type '(prevState: Project[]) => Project[]'.
    Type '(Project | { status: "Active"; currentStage: "Design"; progress: number; id: string; ownerId?: string | undefined; ownerName?: string | undefined; name: string; category: string; ... 16 more ...; createdAt?: string | undefined; })[]' is not assignable to type 'Project[]'.
      Type 'Project | { status: "Active"; currentStage: "Design"; progress: number; id: string; ownerId?: string | undefined; ownerName?: string | undefined; name: string; category: string; ... 16 more ...; createdAt?: string | undefined; }' is not assignable to type 'Project'.
        Type '{ status: "Active"; currentStage: "Design"; progress: number; id: string; ownerId?: string; ownerName?: string; name: string; category: string; dueDate?: string; startDate?: string; team: string[]; ... 13 more ...; createdAt?: string; }' is not assignable to type 'Project'.
          Types of property 'currentStage' are incompatible.
            Type '"Design"' is not assignable to type 'ProjectStage'.
src/components/dashboard/CreateInvoiceModal.tsx(150,101): error TS2345: Argument of type '{ clientId: string | undefined; projectId: string | undefined; issueDate: string; dueDate: string; status: "draft"; subtotal: number; taxRate: number; tax: number; discountAmount: number; ... 5 more ...; isPublic: boolean; }' is not assignable to parameter of type 'Partial<BusinessInvoice>'.
  Types of property 'signature' are incompatible.
    Type '{ type: string; data: string; } | undefined' is not assignable to type '{ type: "type" | "draw"; data: string; } | undefined'.
      Type '{ type: string; data: string; }' is not assignable to type '{ type: "type" | "draw"; data: string; }'.
        Types of property 'type' are incompatible.
          Type 'string' is not assignable to type '"type" | "draw"'.
src/components/dashboard/PortfolioShowcase.tsx(77,13): error TS2322: Type '"Deployment"' is not assignable to type 'ProjectStage | undefined'.
